---
source: compiler-core/src/language_server/tests/action.rs
expression: "\nimport wibble.{Wobble}\n\nfn wibble(wobble: Wibble) -> Nil { Nil }\n"
---
----- BEFORE ACTION

import wibble.{Wobble}

fn wibble(wobble: Wibble) -> Nil { Nil }
                  ↑                     


----- AFTER ACTION

import wibble.{Wobble, type Wibble}

fn wibble(wobble: Wibble) -> Nil { Nil }
