---
source: language-server/src/tests/hover.rs
expression: "\nimport example_module\nfn main() {\n  example_module.my_const\n}\n"
---
import example_module
fn main() {
  example_module.my_const
  ▔▔▔▔▔▔▔▔▔▔▔▔▔▔▔▔▔↑▔▔▔▔▔
}


----- Hover content (markdown) -----
```gleam
Int
```

View on [HexDocs](https://hexdocs.pm/hex/example_module.html#my_const)
