---
source: compiler-core/src/language_server/tests/action.rs
expression: "pub fn go(n: Int) {\n  case n {\n    1 -> todo\n    2 -> todo\n    3 -> n * 2\n    _ -> todo\n  }\n  }"
---
----- BEFORE ACTION
pub fn go(n: Int) {
  case n {
    1 -> todo
    ▔▔▔▔▔▔▔▔▔
    2 -> todo
▔▔▔▔▔▔▔▔▔▔▔▔▔
    3 -> n * 2
▔▔▔▔↑         
    _ -> todo
  }
  }


----- AFTER ACTION
pub fn go(n: Int) {
  case n {
    1 | 2 | 3 -> n * 2
    _ -> todo
  }
  }
