---
source: compiler-core/src/language_server/tests/action.rs
expression: "\nimport option.{\n    type Option,\n    None} as opt\n\npub fn main() {\n  opt.Some(1)\n}\n"
---
----- BEFORE ACTION

import option.{
    type Option,
    None} as opt

pub fn main() {
  opt.Some(1)
     ▔▔▔▔▔↑  
}


----- AFTER ACTION

import option.{
    type Option,
    None, Some} as opt

pub fn main() {
  Some(1)
}
