---
source: language-server/src/tests/reference.rs
assertion_line: 1259
expression: "\ntype Wibble {\n  Wibble(wibble: Int, wobble: Int)\n}\n\npub fn main(w: Wibble) {\n  Wibble(..w, wibble: 2)\n}\n"
---
-- app.gleam

type Wibble {
  Wibble(wibble: Int, wobble: Int)
                      ↑▔▔▔▔▔      
}

pub fn main(w: Wibble) {
  Wibble(..w, wibble: 2)
}
