---
source: compiler-core/src/language_server/tests/action.rs
expression: "import gleam/io\n\npub fn main() {\n  let c = 125\n  io.debug(c)\n}"
---
----- BEFORE ACTION
import gleam/io

pub fn main() {
  let c = 125
  ▔▔▔▔↑      
  io.debug(c)
}


----- AFTER ACTION
import gleam/io

const c = 125

pub fn main() {
  io.debug(c)
}
