---
source: compiler-core/src/language_server/tests/hover.rs
expression: "\n/// Exciting documentation\n/// Maybe even multiple lines\nconst one: Int = 1\n"
---
/// Exciting documentation
/// Maybe even multiple lines
const one: Int = 1
           ▔▔↑    


----- Hover content -----
Scalar(
    String(
        "```gleam\ngleam.Int\n```\n",
    ),
)
