---
source: compiler-core/src/language_server/tests/definition.rs
expression: output
---
Jumping to type definition

----- Jumping from `src/app.gleam`

import wibble.{type Wibble}

pub fn main() {
  use_wibble(todo)
             ↑    
}

pub fn use_wibble(wibble: Wibble) { todo }

----- Jumped to `src/wibble.gleam`
pub type Wibble
↑▔▔▔▔▔▔▔▔▔▔▔▔▔▔
