---
source: language-server/src/tests/rename.rs
expression: "\npub fn main() {\n  let wibble = True\n  let wobble = False\n  case wibble {\n    True if wobble -> !wibble\n    False if !wobble -> wibble\n    _ -> wobble\n  }\n}\n"
---
----- BEFORE RENAME
-- app.gleam

pub fn main() {
  let wibble = True
  let wobble = False
  case wibble {
    True if wobble -> !wibble
            ↑▔▔▔▔▔           
    False if !wobble -> wibble
    _ -> wobble
  }
}


----- AFTER RENAME
-- app.gleam

pub fn main() {
  let wibble = True
  let something_else = False
  case wibble {
    True if something_else -> !wibble
    False if !something_else -> wibble
    _ -> something_else
  }
}
