---
source: language-server/src/tests/action.rs
expression: "\npub fn wibble() {\n    let a: #(Int, _, Int) = #(1, \"hello\", 2)\n}\n    "
---
----- BEFORE ACTION

pub fn wibble() {
    let a: #(Int, _, Int) = #(1, "hello", 2)
                  ↑                         
}
    


----- AFTER ACTION

pub fn wibble() {
    let a: #(Int, String, Int) = #(1, "hello", 2)
}
