---
source: language-server/src/tests/completion.rs
expression: "\npub fn main() {\n  fn(wibble: Int) {\n    let wabble = 1\n    let add_two = fn(wobble: Int) { wobble + 2 }\n    wibble + add_two(1)\n  }\n}\n"
---
pub fn main() {
  fn(wibble: Int) {
    let wabble = 1
    let add_two = fn(wobble: Int) { wobble + 2 }
    wibble| + add_two(1)
  }
}


----- Completion content -----
Error
  kind:   Constructor
  detail: gleam
  sort:   5_Error
False
  kind:   EnumMember
  detail: gleam
  sort:   5_False
Nil
  kind:   EnumMember
  detail: gleam
  sort:   5_Nil
Ok
  kind:   Constructor
  detail: gleam
  sort:   5_Ok
True
  kind:   EnumMember
  detail: gleam
  sort:   5_True
add_two
  kind:   Variable
  detail: fn(Int) -> Int
  sort:   03_add_two
  desc:   app
  docs:   "A locally defined variable."
  edits:
    [5:4-5:10]: "add_two"
main
  kind:   Function
  detail: fn() -> fn(Int) -> Int
  sort:   3_main
  desc:   app
  edits:
    [5:4-5:10]: "main"
wabble
  kind:   Variable
  detail: Int
  sort:   03_wabble
  desc:   app
  docs:   "A locally defined variable."
  edits:
    [5:4-5:10]: "wabble"
wibble
  kind:   Variable
  detail: Int
  sort:   03_wibble
  desc:   app
  docs:   "A locally defined variable."
  edits:
    [5:4-5:10]: "wibble"
