---
source: compiler-core/src/language_server/tests/action.rs
expression: "pub fn go(result) {\n  case result {\n    [] | [_, _, ..]-> todo\n    [_] -> todo\n    _ -> 2\n  }\n}"
---
----- BEFORE ACTION
pub fn go(result) {
  case result {
    [] | [_, _, ..]-> todo
    ▔▔▔▔▔▔▔▔▔▔▔▔▔▔▔▔▔▔▔▔▔▔
    [_] -> todo
▔▔▔▔↑          
    _ -> 2
  }
}


----- AFTER ACTION
pub fn go(result) {
  case result {
    [] | [_, _, ..] | [_] -> todo
    _ -> 2
  }
}
