---
source: compiler-core/src/language_server/tests/action.rs
expression: "pub type Box { Box(Int) }\npub fn main() {\n    let Box(_ignoredInner) = Box(203)\n}"
---
----- BEFORE ACTION
pub type Box { Box(Int) }
pub fn main() {
    let Box(_ignoredInner) = Box(203)
            ▔▔▔▔▔▔▔▔▔▔▔▔▔▔▔▔▔▔▔▔▔↑   
}


----- AFTER ACTION
pub type Box { Box(Int) }
pub fn main() {
    let Box(_ignored_inner) = Box(203)
}
