---
source: compiler-core/src/language_server/tests/action.rs
expression: "\nimport wibble\n\nfn wibble() -> Nil {\n    Wobble\n    Nil\n}\n"
---
----- BEFORE ACTION

import wibble

fn wibble() -> Nil {
    Wobble
    ↑     
    Nil
}


----- AFTER ACTION

import wibble.{Wobble}

fn wibble() -> Nil {
    Wobble
    Nil
}
