---
source: language-server/src/tests/hover.rs
expression: "\ntype LocalResult = Result(String, Int)\n\nfn do_thing() -> LocalResult {\n  Error(1)\n}\n"
---
type LocalResult = Result(String, Int)

fn do_thing() -> LocalResult {
▔▔▔↑▔▔▔▔▔▔▔▔▔▔▔▔▔▔▔▔▔▔▔▔▔▔▔▔  
  Error(1)
}


----- Hover content (markdown) -----
```gleam
fn() -> Result(String, Int)
```
