---
source: language-server/src/tests/action.rs
expression: "\npub type Wibble {\n  Wibble(Wibble, Int)\n}\n\npub fn main(x: fn(fn(Wibble, Wibble) -> Wibble) -> Wibble) {\n  use Wibble(woo, _), _ <- x\n}"
---
----- BEFORE ACTION

pub type Wibble {
  Wibble(Wibble, Int)
}

pub fn main(x: fn(fn(Wibble, Wibble) -> Wibble) -> Wibble) {
  use Wibble(woo, _), _ <- x
             ↑              
}


----- AFTER ACTION

pub type Wibble {
  Wibble(Wibble, Int)
}

pub fn main(x: fn(fn(Wibble, Wibble) -> Wibble) -> Wibble) {
  use Wibble(woo, _), _ <- x
  let Wibble(wibble, int) = woo
}
