---
source: compiler-core/src/type_/tests/use_.rs
expression: "\nuse <- 123\n123\n"
---
error: Type mismatch
  ┌─ /src/one/two.gleam:2:8
  │
2 │ use <- 123
  │        ^^^

In a use expression, there should be a function on the right hand side of
`<-`, but this value has type:

    Int

See: https://tour.gleam.run/advanced-features/use/
