---
source: compiler-core/src/type_/tests/errors.rs
assertion_line: 785
expression: "fn main() { let x: String = 5 x }"

---
error: Type mismatch
  ┌─ /src/one/two.gleam:1:29
  │
1 │ fn main() { let x: String = 5 x }
  │                             ^

Expected type:

    String

Found type:

    Int


