---
source: compiler-core/src/type_/tests/errors.rs
assertion_line: 860
expression: "external fn go(List(a, b)) -> a = \"\" \"\""

---
error: Incorrect arity
  ┌─ /src/one/two.gleam:1:16
  │
1 │ external fn go(List(a, b)) -> a = "" ""
  │                ^^^^^^^^^^ Expected 1 argument, got 2

Functions and constructors have to be called with their expected
number of arguments.

