---
source: compiler-core/src/type_/tests/errors.rs
assertion_line: 247
expression: "let x = <<1:utf8-unit(5)>> x"

---
error: Invalid bit string segment
  ┌─ /src/one/two.gleam:1:13
  │
1 │ let x = <<1:utf8-unit(5)>> x
  │             ^^^^ Unit cannot be specified here

Hint: utf8 segments are sized based on their value and cannot have a unit.
See: https://gleam.run/book/tour/bit-strings.html

