---
source: compiler-core/src/type_/tests/errors.rs
expression: "\nimport module\npub fn main() {\n    1 |> add(2)\n}"
---
----- SOURCE CODE
-- module.gleam

pub fn add(x: Int) {
    fn(y: Int, z: Int) { x + y + z }
}

-- main.gleam

import module
pub fn main() {
    1 |> add(2)
}

----- ERROR
error: Unknown variable
  ┌─ /src/one/two.gleam:4:10
  │
4 │     1 |> add(2)
  │          ^^^

The name `add` is not in scope here.
