---
source: compiler-core/src/type_/tests/functions.rs
assertion_line: 175
expression: "\n@external(javascript, \"foo\", \"bar\")\n@external(erlang, \"foo\", \"bar\")\npub fn foo() -> Int {\n  // This is dead code since there already is an\n  // external implementation for all targets.\n  11\n}"
---

warning: Unused function body
  ┌─ /src/warning/wrn.gleam:4:1
  │
4 │ pub fn foo() -> Int {
  │ ^^^^^^^^^^^^^^^^^^^

This function has external implementations for all targets so the body is
never used.

Hint: The body can be safely removed

