---
source: compiler-core/src/type_/tests/assert.rs
expression: "\npub fn main() {\n  assert !False\n}\n"
---
----- SOURCE CODE

pub fn main() {
  assert !False
}


----- WARNING
warning: Assertion of a literal value
  ┌─ /src/warning/wrn.gleam:3:10
  │
3 │   assert !False
  │          ^^^^^^ There's no need to assert this value

Asserting that a literal value is true is redundant since you can already
tell whether it will be true or false.
