---
source: compiler-core/src/type_/tests/errors.rs
expression: "\n@external(erlang, \"module1\", \"function1\")\nfn wibble() -> Float\n\nfn wibble() { 2 }"
---
----- SOURCE CODE

@external(erlang, "module1", "function1")
fn wibble() -> Float

fn wibble() { 2 }

----- ERROR
error: Duplicate definition
  ┌─ /src/one/two.gleam:5:1
  │
3 │ fn wibble() -> Float
  │ ----------- First defined here
4 │ 
5 │ fn wibble() { 2 }
  │ ^^^^^^^^^^^ Redefined here

`wibble` has been defined multiple times.
Names in a Gleam module must be unique so one will need to be renamed.
