---
source: compiler-core/src/type_/tests/warnings.rs
expression: "\npub type Thing {\n  Thing(value: Int)\n}\n\npub fn main() {\n  let thing = Thing(1)\n  thing.value\n  1\n}\n"
---
----- SOURCE CODE

pub type Thing {
  Thing(value: Int)
}

pub fn main() {
  let thing = Thing(1)
  thing.value
  1
}


----- WARNING
warning: Unused value
  ┌─ /src/warning/wrn.gleam:8:3
  │
8 │   thing.value
  │   ^^^^^^^^^^^ This value is never used

This expression computes a value without any side effects, but then the
value isn't used at all. You might way to assign it to a variable, or
delete the expression entirely if it's not needed.
