---
source: compiler-core/src/type_/tests/warnings.rs
expression: "\npub type Wibble(a) { Wibble(a) }\npub fn wibble(a) { a }\n\npub fn main() {\n  1 |> wibble |> Wibble\n  1\n}\n"
---
----- SOURCE CODE

pub type Wibble(a) { Wibble(a) }
pub fn wibble(a) { a }

pub fn main() {
  1 |> wibble |> Wibble
  1
}


----- WARNING
warning: Unused value
  ┌─ /src/warning/wrn.gleam:6:3
  │
6 │   1 |> wibble |> Wibble
  │   ^^^^^^^^^^^^^^^^^^^^^ This value is never used

This expression computes a value without any side effects, but then the
value isn't used at all. You might way to assign it to a variable, or
delete the expression entirely if it's not needed.
