---
source: compiler-core/src/type_/tests/warnings.rs
expression: "\n            import a/foo\n            import b/foo as bar\n            const one = foo.one\n        "
---
warning: Unused private constant
  ┌─ /src/warning/wrn.gleam:4:19
  │
4 │             const one = foo.one
  │                   ^^^ This private constant is never used

Hint: You can safely remove it.

warning: Unused imported module
  ┌─ /src/warning/wrn.gleam:3:13
  │
3 │             import b/foo as bar
  │             ^^^^^^^^^^^^^^^^^^^ This imported module is never used

Hint: You can safely remove it.
