---
source: compiler-core/src/type_/tests/warnings.rs
expression: "\n  pub fn wibble(_, _) { 1 }\n\n  pub fn main() {\n    1 |> wibble(2) |> wibble(_, 2)\n  }\n"
---
----- SOURCE CODE

  pub fn wibble(_, _) { 1 }

  pub fn main() {
    1 |> wibble(2) |> wibble(_, 2)
  }


----- WARNING
warning: Redundant function capture
  ┌─ /src/warning/wrn.gleam:5:30
  │
5 │     1 |> wibble(2) |> wibble(_, 2)
  │                              ^ You can safely remove this

This function capture is redundant since the value is already piped as the
first argument of this call.

See: https://tour.gleam.run/functions/pipelines/
