---
source: compiler-core/src/type_/tests/errors.rs
expression: "\npub type Request = List(Int)\n\npub fn main(\n  expected: Result(Request, Int),\n  given: Result(Request, String),\n) {\n  expected == given\n}\n"
---
----- SOURCE CODE

pub type Request = List(Int)

pub fn main(
  expected: Result(Request, Int),
  given: Result(Request, String),
) {
  expected == given
}


----- ERROR
error: Type mismatch
  ┌─ /src/one/two.gleam:8:15
  │
8 │   expected == given
  │               ^^^^^

Expected type:

    Result(Request, Int)

Found type:

    Result(Request, String)
