---
source: compiler-core/src/type_/tests/errors.rs
assertion_line: 436
expression: "let x: Result(Nil, Nil) = {\n            let a_var = 1\n            try _ = Error(1)\n            Ok(Nil)\n        }"

---
error: Type mismatch
  ┌─ /src/one/two.gleam:3:13
  │  
3 │ ╭             try _ = Error(1)
4 │ │             Ok(Nil)
  │ ╰───────────────────^

Expected type:

    Result(Nil, Nil)

Found type:

    Result(Nil, Int)


