---
source: compiler-core/src/type_/tests/imports.rs
assertion_line: 300
expression: "import unknown_module\n\npub fn main() {\n  1 + Nil\n}"
---
error: Unknown module
  ┌─ /src/one/two.gleam:1:1
  │
1 │ import unknown_module
  │ ^^^^^^^^^^^^^^^^^^^^^

No module has been found with the name `unknown_module`.

error: Type mismatch
  ┌─ /src/one/two.gleam:4:7
  │
4 │   1 + Nil
  │       ^^^

The + operator expects arguments of this type:

    Int

But this argument has this type:

    Nil
