---
source: compiler-core/src/type_/tests/exhaustiveness.rs
assertion_line: 702
expression: "\npub type Thing {\n  Thing(a: Bool, b: Bool)\n}\n\npub fn main(x) {\n  case x {\n    Thing(a: False, ..) -> 1\n  }\n}\n"
---
error: Inexhaustive patterns
  ┌─ /src/one/two.gleam:7:3
  │  
7 │ ╭   case x {
8 │ │     Thing(a: False, ..) -> 1
9 │ │   }
  │ ╰───^

This case expression does not have a pattern for all possible values.
If is run on one of the values without a pattern then it will crash.

The missing patterns are:

    Thing(True, _)

