---
source: compiler-core/src/type_/tests/errors.rs
expression: "\n        import wibble/sub\n        import wibble2/sub.{wobble}\n        pub fn main() {\n            sub.wobble()\n        }\n        "
---
----- SOURCE CODE
-- wibble/sub.gleam
pub fn wobble() { 1 }

-- wibble2/sub.gleam
pub fn wobble() { 1 }

-- main.gleam

        import wibble/sub
        import wibble2/sub.{wobble}
        pub fn main() {
            sub.wobble()
        }
        

----- ERROR
error: Duplicate import
  ┌─ /src/one/two.gleam:3:9
  │
2 │         import wibble/sub
  │         ----------------- First imported here
3 │         import wibble2/sub.{wobble}
  │         ^^^^^^^^^^^^^^^^^^^^^^^^^^^ Reimported here

`sub` has been imported multiple times.
Names in a Gleam module must be unique so one will need to be renamed.
