---
source: compiler-core/src/type_/tests/errors.rs
assertion_line: 237
expression: "let x = <<1:utf16_codepoint-size(5)>> x"

---
error: Invalid bit string segment
  ┌─ /src/one/two.gleam:1:13
  │
1 │ let x = <<1:utf16_codepoint-size(5)>> x
  │             ^^^^^^^^^^^^^^^ Size cannot be specified here

Hint: utf16_codepoint segments have an autoatic size.
See: https://gleam.run/book/tour/bit-strings.html

