---
source: compiler-core/src/type_/tests/warnings.rs
expression: "\nfn add(a, b) { a + b }\n\npub fn main() {\n  1 |> add(2)\n  Nil\n}\n"
---
----- SOURCE CODE

fn add(a, b) { a + b }

pub fn main() {
  1 |> add(2)
  Nil
}


----- WARNING
warning: Unused pure function call
  ┌─ /src/warning/wrn.gleam:5:3
  │
5 │   1 |> add(2)
  │   ^^^^^^^^^^^ This pure function call is never used

This expression computes a value without any side effects, but then the
value isn't used at all. You might way to assign it to a variable, or
delete the expression entirely if it not needed.
