---
source: compiler-core/src/type_/tests/assert.rs
expression: "\npub fn main() {\n  assert 1 == 2\n}\n"
---
----- SOURCE CODE

pub fn main() {
  assert 1 == 2
}


----- WARNING
warning: Redundant comparison
  ┌─ /src/warning/wrn.gleam:3:10
  │
3 │   assert 1 == 2
  │          ^^^^^^ This is always `False`

This comparison is redundant since it always fails.
