---
source: compiler-core/src/type_/tests/errors.rs
expression: let True(x) = 1
---
----- SOURCE CODE
let True(x) = 1

----- ERROR
error: Type mismatch
  ┌─ /src/one/two.gleam:1:5
  │
1 │ let True(x) = 1
  │     ^^^^^^^

Expected type:

    Int

Found type:

    Bool

error: Incorrect arity
  ┌─ /src/one/two.gleam:1:5
  │
1 │ let True(x) = 1
  │     ^^^^^^^ Expected no arguments, got 1
