---
source: compiler-core/src/type_/tests/errors.rs
expression: "fn pass(label paramName: Bool) { paramName }"
---
----- SOURCE CODE
fn pass(label paramName: Bool) { paramName }

----- ERROR
error: Invalid argument name
  ┌─ /src/one/two.gleam:1:15
  │
1 │ fn pass(label paramName: Bool) { paramName }
  │               ^^^^^^^^^ This is not a valid argument name

Hint: Argument names start with a lowercase letter and contain a-z, 0-9, or
_.
Try: param_name
