---
source: compiler-core/src/type_/tests/warnings.rs
expression: "\npub type Thing {\n  Thing(value: Int)\n}\n\npub fn main() {\n  Thing(1)\n  1\n}\n"
---
----- SOURCE CODE

pub type Thing {
  Thing(value: Int)
}

pub fn main() {
  Thing(1)
  1
}


----- WARNING
warning: Unused literal
  ┌─ /src/warning/wrn.gleam:7:3
  │
7 │   Thing(1)
  │   ^^^^^^^^ This value is never used

Hint: You can safely remove it.
