---
source: compiler-core/src/type_/tests/warnings.rs
expression: "\n        pub fn wibble(_) { 1 }\n        pub fn main() {\n            panic\n            let _ = \"unreachable\" // warning here\n            panic\n            \"no warning here!\"\n        }\n        "
---
warning: Unreachable code
  ┌─ /src/warning/wrn.gleam:5:21
  │
5 │             let _ = "unreachable" // warning here
  │                     ^^^^^^^^^^^^^

This code is unreachable because it comes after a `panic`.
