---
source: compiler-core/src/type_/tests/warnings.rs
expression: "import wibble as woo\nfn wobble() {\n  woo.a\n}\n"
---
----- SOURCE CODE
-- wibble.gleam
pub const a = 1

-- main.gleam
import wibble as woo
fn wobble() {
  woo.a
}


----- WARNING
warning: Unused private function
  ┌─ /src/warning/wrn.gleam:2:1
  │
2 │ fn wobble() {
  │ ^^^^^^^^^^^ This private function is never used

Hint: You can safely remove it.
