---
source: compiler-core/src/type_/tests/errors.rs
expression: "\n// Internal function from another modules in another package should not be\n// suggested.\n\nimport module\npub fn main() {\n        add(1, 1)\n}"
---
----- SOURCE CODE
-- module.gleam

@internal
pub fn add(x: Int, y: Int) {
    x + y
}

-- main.gleam

// Internal function from another modules in another package should not be
// suggested.

import module
pub fn main() {
        add(1, 1)
}

----- ERROR
error: Unknown variable
  ┌─ /src/one/two.gleam:7:9
  │
7 │         add(1, 1)
  │         ^^^

The name `add` is not in scope here.
