---
source: compiler-core/src/docs/tests.rs
assertion_line: 1097
expression: output
snapshot_kind: text
---
---- SOURCE CODE
-- other.gleam
@internal pub type Internal

-- main.gleam

import other

pub type External =
  other.Internal


---- TYPES

--- External
<pre><code>pub type External =
  @internal Internal</code></pre>
