---
source: compiler-core/src/docs/tests.rs
expression: "html_page_to_string(compile(config, modules), vec![\".member:has(#one)\"])"
---
<!-- Page: app.html -->

<!-- Selector: .member:has(#one) -->
<div class="member">
    <div class="member-name">
      <h2 id="one">
        <a href="#one">
          one
        </a>
      </h2>
      
    </div>

    <pre><code class="hljs gleam">pub fn one() -&gt; Int</code></pre>
    
    <div class="rendered-markdown"><table><thead><tr><th>heading 1</th><th>heading 2</th></tr></thead><tbody>
<tr><td>row 1 cell 1</td><td>row 1 cell 2</td></tr>
<tr><td>row 2 cell 1</td><td>row 2 cell 2</td></tr>
</tbody></table>
</div>
  </div>
