---
source: compiler-core/src/language_server/tests/definition.rs
expression: output
---
----- Jumping from `src/app.gleam`

pub type Rec {
  Var1(Int)
  Var2(Int, Int)
}

pub fn make_var() -> Rec {
                     ↑    
  Var1(1)
}

----- Jumped to `src/app.gleam`

pub type Rec {
↑▔▔▔▔▔▔▔▔▔▔▔  
  Var1(Int)
  Var2(Int, Int)
}

pub fn make_var() -> Rec {
  Var1(1)
}
