---
source: compiler-core/src/language_server/tests/hover.rs
expression: "\npub fn main() {\n  [1, 2, ..{\n    let x = 1\n    [x]\n  }]\n}\n"
---
pub fn main() {
  [1, 2, ..{
    let x = 1
        ↑    
    [x]
  }]
}


----- Hover content -----
Scalar(
    String(
        "```gleam\nInt\n```\n",
    ),
)
