---
source: compiler-core/src/language_server/tests/action.rs
expression: "fn pass(label paramName: Bool) { paramName }"
---
----- BEFORE ACTION
fn pass(label paramName: Bool) { paramName }
              ↑                             


----- AFTER ACTION
fn pass(label param_name: Bool) { paramName }
