---
source: compiler-core/src/language_server/tests/hover.rs
expression: "\nimport example_module.{my_num}\nfn main() {\n  my_num\n}\n"
---
import example_module.{my_num}
                       ▔▔▔↑▔▔ 
fn main() {
  my_num
}


----- Hover content -----
Scalar(
    String(
        "```gleam\nInt\n```\n Exciting documentation\n Maybe even multiple lines\n",
    ),
)
