---
source: compiler-core/src/language_server/tests/rename.rs
expression: "\nimport maths\n\npub fn main() {\n  echo maths  .    pi\n}\n"
---
----- BEFORE RENAME
-- maths.gleam
pub const pi = 3.14

-- app.gleam

import maths

pub fn main() {
  echo maths  .    pi
       ↑▔▔▔▔         
}


----- AFTER RENAME
-- maths.gleam
pub const pi = 3.14

-- app.gleam

import maths as m

pub fn main() {
  echo m  .    pi
}
