---
source: compiler-core/src/language_server/tests/hover.rs
expression: "\nfn add(wibble a, wobble b) {\n  a + b\n}\n\npub fn main() {\n  add(wibble: 1, wobble: 2)\n}\n"
---
fn add(wibble a, wobble b) {
  a + b
}

pub fn main() {
  add(wibble: 1, wobble: 2)
      ▔↑▔▔▔▔▔▔▔            
}


----- Hover content -----
Scalar(
    String(
        "```gleam\nInt\n```",
    ),
)
