---
source: compiler-core/src/language_server/tests/action.rs
expression: "\npub fn main(a: Bool) {\n  let b = 1\n  case a, b {\n\n  }\n}\n"
---
----- BEFORE ACTION

pub fn main(a: Bool) {
  let b = 1
  case a, b {
  ▔▔▔▔▔▔▔▔↑  

  }
}


----- AFTER ACTION

pub fn main(a: Bool) {
  let b = 1
  case a, b {
    True, _ -> todo
    False, _ -> todo
  }
}
