---
source: compiler-core/src/language_server/tests/action.rs
expression: "\npub fn main() {\n  use <- wibble(wobble)\n  woo(123)\n}\n"
---
----- BEFORE ACTION

pub fn main() {
  use <- wibble(wobble)
  woo(123)
  ↑       
}


----- AFTER ACTION

pub fn main() {
  use <- wibble(wobble)
  123 |> woo
}
