---
source: compiler-core/src/language_server/tests/action.rs
expression: "\nimport wibble\n\npub fn main(arg: wibble.Wibble) {\n  todo\n}\n"
---
----- BEFORE ACTION

import wibble

pub fn main(arg: wibble.Wibble) {
                 ↑               
  todo
}


----- AFTER ACTION

import wibble

pub fn main(arg: wibble.Wibble) {
  let wibble.ThisShouldBeQualified(label:) = arg
  todo
}
