---
source: compiler-core/src/language_server/tests/action.rs
expression: "\npub fn main() {\n  wibble(2, n: 1)\n}\n"
---
----- BEFORE ACTION

pub fn main() {
  wibble(2, n: 1)
  ↑              
}


----- AFTER ACTION

pub fn main() {
  wibble(2, n: 1)
}

fn wibble(int: Int, n n: Int) -> a {
  todo
}
