---
source: compiler-core/src/language_server/tests/action.rs
expression: "\nimport option\nimport result\n\npub fn main() {\n  option.Some(1)\n  result.Ok(1)\n}\n"
---
----- BEFORE ACTION

import option
import result

pub fn main() {
  option.Some(1)
             ↑  
  result.Ok(1)
}


----- AFTER ACTION

import option.{Some}
import result.{Ok}

pub fn main() {
  Some(1)
  Ok(1)
}
