---
source: compiler-core/src/language_server/tests/completion.rs
assertion_line: 339
expression: "\nimport dep2\n"
---
|
import dep2


----- Completion content -----
dep.wobble
  kind:   Function
  detail: fn() -> Nil
  sort:   5_dep.wobble
  desc:   dep
  edits:
    [1:0-1:0]: "dep.wobble"
    [0:0-0:0]: "import dep\n\n"
