---
source: test-output/src/generated_tests.rs
expression: "./cases/echo_dict"
---
--- CODE
import gleam/dict

pub fn main() {
  echo dict.new()
  echo dict.from_list([#(1, "hello"), #(2, "world!")])
}

--- OUTPUT ON ERLANG TARGET
[90msrc/main.gleam:4[39m
dict.from_list([])
[90msrc/main.gleam:5[39m
dict.from_list([#(1, "hello"), #(2, "world!")])

--- OUTPUT ON JAVASCRIPT TARGET
[90msrc/main.gleam:4[39m
dict.from_list([])
[90msrc/main.gleam:5[39m
dict.from_list([#(2, "world!"), #(1, "hello")])
