---
source: test-output/src/generated_tests.rs
expression: "./cases/echo_bool"
---
--- CODE
pub fn main() {
  echo True
  echo False
}

--- OUTPUT ON ERLANG TARGET
[90msrc/main.gleam:2[39m
True
[90msrc/main.gleam:3[39m
False

--- OUTPUT ON JAVASCRIPT TARGET
[90msrc/main.gleam:2[39m
True
[90msrc/main.gleam:3[39m
False
