---
source: test-output/src/generated_tests.rs
expression: "./cases/echo_nil"
---
--- CODE
pub fn main() {
  echo Nil
}

--- OUTPUT ON ERLANG TARGET
[90m/Users/giacomocavalieri/Documents/progetti/gleam/test-output/cases/echo_nil/src/main.gleam:2[39m
Nil

--- OUTPUT ON JAVASCRIPT TARGET
[90m/Users/giacomocavalieri/Documents/progetti/gleam/test-output/cases/echo_nil/src/main.gleam:2[39m
Nil
