---
source: compiler-core/src/type_/tests.rs
expression: "@target(javascript)\npub fn javascript_only() -> Int {\n  erlang_only()\n}\n\n@external(erlang, \"foo\", \"bar\")\npub fn erlang_only() -> Int\n    "
---
error: Unsupported target
  ┌─ /src/one/two.gleam:3:3
  │
3 │   erlang_only()
  │   ^^^^^^^^^^^

This value is not available as it is defined using externals, and there is
no implementation for the JavaScript target.

