---
source: compiler-core/src/type_/tests.rs
expression: "const wibble = [1, 2]\nconst wobble = [..wibble]"
---
----- SOURCE CODE
const wibble = [1, 2]
const wobble = [..wibble]

----- ERROR
error: Redundant list prepend
  ┌─ /src/one/two.gleam:2:16
  │
2 │ const wobble = [..wibble]
  │                ^^^^^^^^^^ This prepend does nothing

See: https://tour.gleam.run/basics/lists/

Hint: `wibble` can be used directly instead of `[..wibble]`
