---
source: compiler-cli/src/new/tests.rs
expression: "crate::fs::read(Utf8PathBuf::from_path_buf(file_path.to_path_buf()).expect(\"Non Utf8 Path\"),).unwrap()"
---
import gleeunit
import gleeunit/should

pub fn main() -> Nil {
  gleeunit.main()
}

// gleeunit test functions end in `_test`
pub fn hello_world_test() {
  1
  |> should.equal(1)
}
