---
source: test-package-compiler/src/generated_tests.rs
expression: "./cases/erlang_app_generation"
---
//// /out/lib/the_package/_gleam_artefacts/main.cache
<.cache binary>

//// /out/lib/the_package/_gleam_artefacts/main.cache_meta
<57 byte binary>

//// /out/lib/the_package/_gleam_artefacts/main.erl
-module(main).


//// /out/lib/the_package/ebin/my_erlang_application.app
{application, my_erlang_application, [
    {mod, {'my_erlang_application_sup', []}},
    {vsn, "0.1.0"},
    {applications, [gleam_otp,
                    gleam_stdlib,
                    inets,
                    midas,
                    simple_json,
                    ssl]},
    {description, "It's very cool"},
    {modules, [main]},
    {registered, []}
]}.


//// Warning
warning: Empty module

Module 'main' contains no public definitions.
Hint: You can safely remove this module.
