---
source: compiler-core/src/package_interface/tests.rs
assertion_line: 173
expression: "\nconst float = 1.1\nfn main() {}\ntype Wibble\ntype Wob = Int\n"
---
{
  "name": "my_package",
  "version": "11.10.9-1.wibble+build",
  "gleam-version-constraint": "1.0.0",
  "modules": {
    "my/module": {
      "documentation": [],
      "type-aliases": {},
      "types": {},
      "constants": {},
      "functions": {}
    }
  }
}
