---
source: compiler-core/src/parse/tests.rs
assertion_line: 503
expression: "pub const x = <<<<>>:bit_string>>"
---

warning: Deprecated bit literal option
  ┌─ :1:22
  │
1 │ pub const x = <<<<>>:bit_string>>
  │                      ^^^^^^^^^^

This option has been replaced by the `bits` option.

Hint: Run `gleam format` to auto-fix your code.

