---
source: compiler-core/src/parse/tests.rs
expression: "pub const wibble = <<1:unit(something)>>"
---
----- SOURCE CODE
pub const wibble = <<1:unit(something)>>

----- ERROR
error: Syntax error
  ┌─ /src/parse/error.gleam:1:29
  │
1 │ pub const wibble = <<1:unit(something)>>
  │                             ^^^^^^^^^ I was not expecting this

Found a name, expected one of: 
- A positive integer
