---
source: compiler-core/src/parse/tests.rs
expression: "\ntype User {\n    \"name\": String,\n}\n"
---
error: Syntax error
  ┌─ /src/parse/error.gleam:3:5
  │
3 │     "name": String,
  │     ^^^^^^ I was not expecting this

Each custom type variant must have a constructor:

type User {
  User(
    String,
  )
}
