---
source: compiler-core/src/parse/tests.rs
assertion_line: 1087
expression: "\nfn f(a, \"b\") -> String {\n    a <> b\n}\n"
---
error: Syntax error
  ┌─ /src/parse/error.gleam:2:9
  │
2 │ fn f(a, "b") -> String {
  │         ^^^ I was not expecting this

Found a String, expected one of: 
- `)`
- a function parameter
