---
source: compiler-core/src/parse/tests.rs
expression: "\n@deprecated(\"1\")\n@external(erlang, \"module\", \"fun\")\n"
---
error: Syntax error
  ┌─ /src/parse/error.gleam:2:1
  │  
2 │ ╭ @deprecated("1")
3 │ │ @external(erlang, "module", "fun")
  │ ╰──────────────────────────────────^ I was expecting a function definition after this
