---
source: compiler-core/src/erlang/tests/case.rs
expression: "pub fn main(x, y) {\n  case x {\n    _ if !y && !x -> 0\n    _ -> 1\n  }\n}\n"
---
----- SOURCE CODE
pub fn main(x, y) {
  case x {
    _ if !y && !x -> 0
    _ -> 1
  }
}


----- COMPILED ERLANG
-module(my@mod).
-compile([no_auto_import, nowarn_unused_vars, nowarn_unused_function, nowarn_nomatch, inline]).
-define(FILEPATH, "project/test/my/mod.gleam").
-export([main/2]).

-file("project/test/my/mod.gleam", 1).
-spec main(boolean(), boolean()) -> integer().
main(X, Y) ->
    case X of
        _ when not Y andalso not X ->
            0;

        _ ->
            1
    end.
