---
source: compiler-core/src/erlang/tests/assert.rs
expression: "\npub fn main() {\n  assert False\n}\n"
---
----- SOURCE CODE

pub fn main() {
  assert False
}


----- COMPILED ERLANG
-module(my@mod).
-compile([no_auto_import, nowarn_unused_vars, nowarn_unused_function, nowarn_nomatch]).

-export([main/0]).

-file("project/test/my/mod.gleam", 2).
-spec main() -> boolean().
main() ->
    case false of
        true -> true;
        false -> erlang:error(#{gleam_error => assert,
                message => <<"Assertion failed."/utf8>>,
                kind => expression,
                expression => #{kind => expression,
                    value => false,
                    start => 26,
                    'end' => 31
                    },
                assert_start => 19,
                expression_start => 26,
                expression_end => 31,
                module => <<"my/mod"/utf8>>,
                function => <<"main"/utf8>>,
                line => 3})
    end.
