---
source: compiler-core/src/erlang/tests/consts.rs
expression: "\nimport some_module\n\nconst wobble = some_module.wibble\nconst wubble = wobble\n\npub fn main() {\n  let _ = <<wubble:utf8>>\n  Nil\n}\n"
---
----- SOURCE CODE

import some_module

const wobble = some_module.wibble
const wubble = wobble

pub fn main() {
  let _ = <<wubble:utf8>>
  Nil
}


----- COMPILED ERLANG
-module(my@mod).
-compile([no_auto_import, nowarn_ignored, nowarn_unused_vars, nowarn_unused_function, nowarn_nomatch, inline]).
-export([main/0]).

-spec main() -> nil.
main() ->
    _ = <<"a"/utf8>>,
    nil.
