---
source: compiler-core/src/erlang/tests/pipes.rs
expression: "pub fn x(f) {\n  #(\n    1 |> f\n  )\n}"
---
----- SOURCE CODE
pub fn x(f) {
  #(
    1 |> f
  )
}

----- COMPILED ERLANG
-module(my@mod).
-compile([no_auto_import, nowarn_unused_vars, nowarn_unused_function, nowarn_nomatch, inline]).
-define(FILEPATH, "project/test/my/mod.gleam").
-export([x/1]).

-file("project/test/my/mod.gleam", 1).
-spec x(fun((integer()) -> K)) -> {K}.
x(F) ->
    {begin
            _pipe = 1,
            F(_pipe)
        end}.
