---
source: compiler-core/src/erlang/tests/bit_arrays.rs
expression: "const bit_size = 8\npub fn main() {\n  let a = <<10:size(bit_size)>>\n  a\n}\n"
---
----- SOURCE CODE
const bit_size = 8
pub fn main() {
  let a = <<10:size(bit_size)>>
  a
}


----- COMPILED ERLANG
-module(my@mod).
-compile([no_auto_import, nowarn_unused_vars, nowarn_unused_function, nowarn_nomatch, inline]).
-define(FILEPATH, "project/test/my/mod.gleam").
-export([main/0]).

-file("project/test/my/mod.gleam", 2).
-spec main() -> bitstring().
main() ->
    A = <<10:(lists:max([(8), 0]))>>,
    A.
