---
source: compiler-core/src/erlang/tests/variables.rs
expression: "const int = 42\nconst int_alias = int\npub fn use_int_alias() { int_alias }\n\nfn int_identity(i: Int) { i }\nconst int_identity_alias: fn(Int) -> Int = int_identity\npub fn use_int_identity_alias() { int_identity_alias(42) }\n\nconst compound: #(Int, fn(Int) -> Int, fn(Int) -> Int) = #(int, int_identity, int_identity_alias)\npub fn use_compound() { compound.1(compound.0) }\n"
---
----- SOURCE CODE
const int = 42
const int_alias = int
pub fn use_int_alias() { int_alias }

fn int_identity(i: Int) { i }
const int_identity_alias: fn(Int) -> Int = int_identity
pub fn use_int_identity_alias() { int_identity_alias(42) }

const compound: #(Int, fn(Int) -> Int, fn(Int) -> Int) = #(int, int_identity, int_identity_alias)
pub fn use_compound() { compound.1(compound.0) }


----- COMPILED ERLANG
-module(my@mod).
-compile([no_auto_import, nowarn_unused_vars, nowarn_unused_function, nowarn_nomatch, inline]).
-define(FILEPATH, "project/test/my/mod.gleam").
-export([use_int_alias/0, use_int_identity_alias/0, use_compound/0]).

-file("project/test/my/mod.gleam", 5).
-spec int_identity(integer()) -> integer().
int_identity(I) ->
    I.

-file("project/test/my/mod.gleam", 3).
-spec use_int_alias() -> integer().
use_int_alias() ->
    42.

-file("project/test/my/mod.gleam", 7).
-spec use_int_identity_alias() -> integer().
use_int_identity_alias() ->
    int_identity(42).

-file("project/test/my/mod.gleam", 10).
-spec use_compound() -> integer().
use_compound() ->
    (erlang:element(2, {42, fun int_identity/1, fun int_identity/1}))(
        erlang:element(1, {42, fun int_identity/1, fun int_identity/1})
    ).
