---
source: compiler-core/src/erlang/tests/bit_arrays.rs
assertion_line: 58
expression: "pub fn main() {\n  let a = <<\"test\":utf8>>\n  let assert <<b:utf8_codepoint, \"st\":utf8>> = a\n  b\n}\n"
---
-module(my@mod).
-compile([no_auto_import, nowarn_unused_vars, nowarn_unused_function, nowarn_nomatch]).

-export([main/0]).

-spec main() -> integer().
main() ->
    A = <<"test"/utf8>>,
    <<B/utf8, "st"/utf8>> = case A of
        <<_/utf8, "st"/utf8>> -> A;
        _assert_fail ->
            erlang:error(#{gleam_error => let_assert,
                        message => <<"Assertion pattern match failed"/utf8>>,
                        value => _assert_fail,
                        module => <<"my/mod"/utf8>>,
                        function => <<"main"/utf8>>,
                        line => 3})
    end,
    B.

