---
source: compiler-core/src/erlang/tests/bit_arrays.rs
expression: "pub fn size_16_literal_test() {\n  <<257:size(16)>>\n}"
---
----- SOURCE CODE
pub fn size_16_literal_test() {
  <<257:size(16)>>
}

----- COMPILED ERLANG
-module(my@mod).
-compile([no_auto_import, nowarn_unused_vars, nowarn_unused_function, nowarn_nomatch, inline]).
-define(FILEPATH, "project/test/my/mod.gleam").
-export([size_16_literal_test/0]).

-file("project/test/my/mod.gleam", 1).
-spec size_16_literal_test() -> bitstring().
size_16_literal_test() ->
    <<257:16>>.
