---
source: compiler-core/src/erlang/tests/strings.rs
assertion_line: 198
expression: "\npub fn go(x) {\n  case x {\n    \"Hello, \" <> _ -> Nil\n    _ -> Nil\n  }\n}\n"
---
-module(my@mod).
-compile([no_auto_import, nowarn_unused_vars, nowarn_unused_function, nowarn_nomatch]).

-export([go/1]).

-spec go(binary()) -> nil.
go(X) ->
    case X of
        <<"Hello, "/utf8, _/binary>> ->
            nil;

        _ ->
            nil
    end.

