---
source: compiler-core/src/erlang/tests/guards.rs
expression: "\npub fn main() {\n  let x = #(1, 2, 3)\n  case x {\n    _ if x == #(1, 2, 3) -> 1\n    _ -> 0\n  }\n}\n"
---
----- SOURCE CODE

pub fn main() {
  let x = #(1, 2, 3)
  case x {
    _ if x == #(1, 2, 3) -> 1
    _ -> 0
  }
}


----- COMPILED ERLANG
-module(my@mod).
-compile([no_auto_import, nowarn_unused_vars, nowarn_unused_function, nowarn_nomatch, inline]).
-define(FILEPATH, "project/test/my/mod.gleam").
-export([main/0]).

-file("project/test/my/mod.gleam", 2).
-spec main() -> integer().
main() ->
    X = {1, 2, 3},
    case X of
        _ when X =:= {1, 2, 3} ->
            1;

        _ ->
            0
    end.
