---
source: compiler-core/src/erlang/tests/guards.rs
expression: "\npub const float_value = 3.14\n\npub fn main(arg) {\n  case arg {\n    _ if arg >. float_value -> 1\n    _ -> 0\n  }\n}\n"
---
----- SOURCE CODE

pub const float_value = 3.14

pub fn main(arg) {
  case arg {
    _ if arg >. float_value -> 1
    _ -> 0
  }
}


----- COMPILED ERLANG
-module(my@mod).
-compile([no_auto_import, nowarn_unused_vars, nowarn_unused_function, nowarn_nomatch, inline]).
-define(FILEPATH, "project/test/my/mod.gleam").
-export([main/1]).

-file("project/test/my/mod.gleam", 4).
-spec main(float()) -> integer().
main(Arg) ->
    case Arg of
        _ when Arg > 3.14 ->
            1;

        _ ->
            0
    end.
