---
source: compiler-core/src/erlang/tests/pipes.rs
assertion_line: 71
expression: "pub type X {\n  X(a: Int, b: Int)\n}\n\nfn id(x) {\n  x\n}\n        \npub fn main(x) {\n  X(..x, a: 1 |> id)\n}"

---
-module(the_app).
-compile(no_auto_import).

-export([main/1]).
-export_type([x/0]).

-type x() :: {x, integer(), integer()}.

-spec id(I) -> I.
id(X) ->
    X.

-spec main(x()) -> x().
main(X) ->
    erlang:setelement(
        2,
        X,
        begin
            _pipe = 1,
            id(_pipe)
        end
    ).

