---
source: compiler-core/src/erlang/tests/external_fn.rs
expression: "\n@external(erlang, \"one\", \"one\")\n@external(javascript, \"./one.mjs\", \"one\")\npub fn one(x: Int) -> Int {\n  todo\n}\n"
---
----- SOURCE CODE

@external(erlang, "one", "one")
@external(javascript, "./one.mjs", "one")
pub fn one(x: Int) -> Int {
  todo
}


----- COMPILED ERLANG
-module(my@mod).
-compile([no_auto_import, nowarn_unused_vars, nowarn_unused_function, nowarn_nomatch, inline]).
-define(FILEPATH, "project/test/my/mod.gleam").
-export([one/1]).

-file("project/test/my/mod.gleam", 4).
-spec one(integer()) -> integer().
one(X) ->
    one:one(X).
