---
source: compiler-core/src/erlang/tests/guards.rs
assertion_line: 414
expression: "\npub const constant = #(1, 2.0)\n\npub fn main(arg) {\n  case arg {\n    _ if arg == constant -> 1\n    _ -> 0\n  }\n}\n"
---
-module(my@mod).
-compile([no_auto_import, nowarn_unused_vars, nowarn_unused_function, nowarn_nomatch]).

-export([main/1]).

-spec main({integer(), float()}) -> integer().
main(Arg) ->
    case Arg of
        _ when Arg =:= {1, 2.0} ->
            1;

        _ ->
            0
    end.

