---
source: compiler-core/src/javascript/tests/bit_arrays.rs
expression: "\nfn go(x) {\n  case x {\n    <<_, 1.1, _:int>> -> 1\n    _ -> 2\n  }\n}\n"
---
----- SOURCE CODE

fn go(x) {
  case x {
    <<_, 1.1, _:int>> -> 1
    _ -> 2
  }
}


----- COMPILED JAVASCRIPT
import { bitArraySliceToFloat } from "../gleam.mjs";

function go(x) {
  if (x.bitSize >= 8) {
    if (x.bitSize >= 72) {
      if (bitArraySliceToFloat(x, 8, 72, true) === 1.1) {
        if (x.bitSize === 80) {
          return 1;
        } else {
          return 2;
        }
      } else {
        return 2;
      }
    } else {
      return 2;
    }
  } else {
    return 2;
  }
}
