---
source: compiler-core/src/javascript/tests/bit_arrays.rs
assertion_line: 1462
expression: "\npub fn go(x) {\n  let assert <<f:bytes-2>> = <<1, 2>>\n}\n"
snapshot_kind: text
---
----- SOURCE CODE

pub fn go(x) {
  let assert <<f:bytes-2>> = <<1, 2>>
}


----- COMPILED JAVASCRIPT
import { makeError, toBitArray, bitArraySlice } from "../gleam.mjs";

const FILEPATH = "src/module.gleam";

export function go(x) {
  let $ = toBitArray([1, 2]);
  if ($.bitSize !== 16) {
    throw makeError(
      "let_assert",
      FILEPATH,
      "my/mod",
      3,
      "go",
      "Pattern match failed, no pattern matched the value.",
      { value: $, start: 18, end: 53, pattern_start: 29, pattern_end: 42 }
    )
  }
  let f = bitArraySlice($, 0, 16);
  return $;
}
