---
source: compiler-core/src/javascript/tests/bit_arrays.rs
expression: "\npub fn go() {\n  <<-80_000:16>>\n}\n"
---
----- SOURCE CODE

pub fn go() {
  <<-80_000:16>>
}


----- COMPILED JAVASCRIPT
import { toBitArray } from "../gleam.mjs";

export function go() {
  return toBitArray([199, 128]);
}
