---
source: compiler-core/src/javascript/tests/custom_types.rs
expression: "pub opaque type Animal {\n  Cat(goes_outside: Bool)\n  Dog(plays_fetch: Bool)\n}\n"
---
import * as $Gleam from "../gleam.d.ts";

class Cat extends $Gleam.CustomType {
  constructor(goes_outside: boolean);
  
  goes_outside: boolean;
}

class Dog extends $Gleam.CustomType {
  constructor(plays_fetch: boolean);
  
  plays_fetch: boolean;
}

export type Animal$ = Cat | Dog;

