---
source: compiler-core/src/javascript/tests/bit_arrays.rs
expression: "\nfn go(x) {\n  let assert <<_, a:2-bytes>> = x\n  let assert <<_, b:bytes-size(2)>> = x\n}\n"
---
----- SOURCE CODE

fn go(x) {
  let assert <<_, a:2-bytes>> = x
  let assert <<_, b:bytes-size(2)>> = x
}


----- COMPILED JAVASCRIPT
import { makeError, bitArraySlice } from "../gleam.mjs";

function go(x) {
  if (x.bitSize !== 24) {
    throw makeError(
      "let_assert",
      "my/mod",
      3,
      "go",
      "Pattern match failed, no pattern matched the value.",
      { value: x }
    )
  }
  let a = bitArraySlice(x, 8, 24);
  if (x.bitSize !== 24) {
    throw makeError(
      "let_assert",
      "my/mod",
      4,
      "go",
      "Pattern match failed, no pattern matched the value.",
      { value: x }
    )
  }
  let b = bitArraySlice(x, 8, 24);
  return x;
}
