---
source: compiler-core/src/javascript/tests/panic.rs
assertion_line: 50
expression: "\nfn go(at_the_disco) {\n  panic\n  at_the_disco\n}\n"
---
import { makeError } from "../gleam.mjs";

function go(at_the_disco) {
  throw makeError("todo", "my/mod", 3, "go", "panic expression evaluated", {})
  return at_the_disco;
}

