---
source: compiler-core/src/javascript/tests/bit_strings.rs
expression: "\nfn go(x) {\n  let <<1, y>> = x\n}\n"
---
import { throwError } from "../gleam.mjs";

function go(x) {
  if (!(x.length == 2) || x.buffer[0] !== 1) {
    throwError(
      "assignment_no_match",
      "my/mod",
      3,
      "go",
      "Assignment pattern did not match",
      { value: x }
    );
  }
  let y = x.buffer[1];
  return x;
}

