---
source: compiler-core/src/javascript/tests/panic.rs
expression: "\nfn go(f) {\n  let boop = panic\n  f(panic)\n}\n"
---
----- SOURCE CODE

fn go(f) {
  let boop = panic
  f(panic)
}


----- COMPILED JAVASCRIPT
import { makeError } from "../gleam.mjs";

function go(f) {
  let _block;
  throw makeError(
    "panic",
    "my/mod",
    3,
    "go",
    "`panic` expression evaluated.",
    {}
  )
  let boop = _block;
  return f(
    (() => {
      throw makeError(
        "panic",
        "my/mod",
        4,
        "go",
        "`panic` expression evaluated.",
        {}
      )
    })(),
  );
}
