---
source: compiler-core/src/javascript/tests/case_clause_guards.rs
assertion_line: 176
expression: "pub fn main(xs) -> Int {\n  case xs {\n    [x] | [_, x] -> x\n    _ -> 1\n  }\n}  \n"

---
export function main(xs) {
  if (xs.hasLength(1)) {
    let x = xs.head;
    return x;
  } else if (xs.hasLength(2)) {
    let x = xs.tail.head;
    return x;
  } else {
    return 1;
  }
}

