---
source: compiler-core/src/javascript/tests/case_clause_guards.rs
expression: "import other_module.{A as B}\npub fn func() {\n  case B {\n    x if x == B -> True\n    _ -> False\n  }\n}\n"
---
----- SOURCE CODE
import other_module.{A as B}
pub fn func() {
  case B {
    x if x == B -> True
    _ -> False
  }
}


----- COMPILED JAVASCRIPT
import * as $other_module from "../../package/other_module.mjs";
import { A as B } from "../../package/other_module.mjs";

export function func() {
  let $ = new B();
  let x = $;
  if (x instanceof B) {
    return true;
  } else {
    return false;
  }
}
