---
source: compiler-core/src/javascript/tests/custom_types.rs
assertion_line: 25
expression: "\ntype Mine {\n    This\n    ThatOneIsAMuchMuchMuchMuchMuchMuchMuchMuchMuchMuchMuchMuchLongerVariant\n}\n\nconst this = This;\nconst that = ThatOneIsAMuchMuchMuchMuchMuchMuchMuchMuchMuchMuchMuchMuchLongerVariant;\n"

---
import { CustomType } from "../gleam.mjs";

const this$ = new This();

const that = new ThatOneIsAMuchMuchMuchMuchMuchMuchMuchMuchMuchMuchMuchMuchLongerVariant();

class This extends CustomType {}

class ThatOneIsAMuchMuchMuchMuchMuchMuchMuchMuchMuchMuchMuchMuchLongerVariant extends CustomType {}

