---
source: compiler-core/src/javascript/tests/records.rs
assertion_line: 47
expression: "\npub type Person {\n    Teacher(name: Nil, age: Int)\n    Student(name: String, age: Int)\n}\npub fn get_age(person: Person) { person.age }"
---
import { CustomType } from "../gleam.mjs";

export class Teacher extends CustomType {
  constructor(name, age) {
    super();
    this.name = name;
    this.age = age;
  }
}

export class Student extends CustomType {
  constructor(name, age) {
    super();
    this.name = name;
    this.age = age;
  }
}

export function get_age(person) {
  return person.age;
}

