---
source: compiler-core/src/javascript/tests/bit_arrays.rs
assertion_line: 1562
expression: "\npub fn go(x) {\n  let assert <<_:5, b:bits>> = <<1,2,3>>\n}\n"
snapshot_kind: text
---
----- SOURCE CODE

pub fn go(x) {
  let assert <<_:5, b:bits>> = <<1,2,3>>
}


----- COMPILED JAVASCRIPT
import { makeError, toBitArray, bitArraySlice } from "../gleam.mjs";

const FILEPATH = "src/module.gleam";

export function go(x) {
  let $ = toBitArray([1, 2, 3]);
  if ($.bitSize < 5) {
    throw makeError(
      "let_assert",
      FILEPATH,
      "my/mod",
      3,
      "go",
      "Pattern match failed, no pattern matched the value.",
      { value: $, start: 18, end: 56, pattern_start: 29, pattern_end: 44 }
    )
  }
  let b = bitArraySlice($, 5);
  return $;
}
