---
source: compiler-core/src/javascript/tests/lists.rs
expression: "\npub const a = []\npub const b = [1, 2, 3]\n"
---
----- SOURCE CODE

pub const a = []
pub const b = [1, 2, 3]


----- COMPILED JAVASCRIPT
import { toList, List$Empty$const as $List$Empty$const } from "../gleam.mjs";

export const a = $List$Empty$const;

export const b = /* @__PURE__ */ toList([1, 2, 3]);
