---
source: compiler-core/src/javascript/tests/case_clause_guards.rs
assertion_line: 111
expression: "pub fn main(xs, y) {\n  case xs {\n    #(x) if xs != y -> x\n    _ -> 0\n  }\n}\n"

---
import { isEqual } from "../gleam.mjs";

export function main(xs, y) {
  if (!isEqual(xs, y)) {
    let x = xs[0];
    return x;
  } else {
    return 0;
  }
}

