---
source: compiler-core/src/javascript/tests/custom_types.rs
expression: "import other.{Two}\npub fn main() {\n  Two(b: 2, c: 3, a: 1)\n}"
---
----- SOURCE CODE
-- other.gleam
pub type One { Two(a: Int, b: Int, c: Int) }

-- main.gleam
import other.{Two}
pub fn main() {
  Two(b: 2, c: 3, a: 1)
}

----- COMPILED JAVASCRIPT
import * as $other from "../other.mjs";
import { Two } from "../other.mjs";

export function main() {
  return new Two(1, 2, 3);
}
