---
source: compiler-core/src/javascript/tests/assignments.rs
assertion_line: 179
expression: "\npub fn main() {\n  let assert \"Game \" <> id = \"Game 1\"\n}\n"
snapshot_kind: text
---
----- SOURCE CODE

pub fn main() {
  let assert "Game " <> id = "Game 1"
}


----- COMPILED JAVASCRIPT
import { makeError } from "../gleam.mjs";

export function main() {
  let $ = "Game 1";
  if (!$.startsWith("Game ")) {
    throw makeError(
      "let_assert",
      "my/mod",
      3,
      "main",
      "Pattern match failed, no pattern matched the value.",
      { value: $, start: 23, pattern_start: 30, pattern_end: 43 }
    )
  }
  let id = $.slice(5);
  return $;
}
