---
source: compiler-core/src/javascript/tests/numbers.rs
expression: "\npub fn go() {\n  case 1.0 >=. 0.0 {\n    True -> 2.0\n    False -> 4.0\n  } /. 2.0\n}\n"
---
----- SOURCE CODE

pub fn go() {
  case 1.0 >=. 0.0 {
    True -> 2.0
    False -> 4.0
  } /. 2.0
}


----- COMPILED JAVASCRIPT
export function go() {
  return (() => {
    let $ = 1.0 >= 0.0;
    if ($) {
      return 2.0;
    } else {
      return 4.0;
    }
  })() / 2.0;
}
