---
source: compiler-core/src/javascript/tests/bit_arrays.rs
assertion_line: 1818
expression: "\nfn go(x) {\n  let size = 3\n  let assert <<1:size(size)-unit(2)>> = x\n}\n"
snapshot_kind: text
---
----- SOURCE CODE

fn go(x) {
  let size = 3
  let assert <<1:size(size)-unit(2)>> = x
}


----- COMPILED JAVASCRIPT
import { makeError, bitArraySliceToInt } from "../gleam.mjs";

const FILEPATH = "src/module.gleam";

function go(x) {
  let size = 3;
  if (
    x.bitSize !== size * 2 ||
    size <= 0 ||
    bitArraySliceToInt(x, 0, size * 2, true, false) !== 1
  ) {
    throw makeError(
      "let_assert",
      FILEPATH,
      "my/mod",
      4,
      "go",
      "Pattern match failed, no pattern matched the value.",
      { value: x, start: 29, pattern_start: 40, pattern_end: 64 }
    )
  }
  return x;
}
