---
source: compiler-core/src/javascript/tests/functions.rs
assertion_line: 202
expression: "import for.{class as while} as function\n\npub fn export() {\n  let delete = function.class\n  while()\n}\n"

---
import * as $function from "../for.mjs";
import { class$ as while$ } from "../for.mjs";

export function export$() {
  let delete$ = $function.class$;
  return while$();
}

