---
source: compiler-core/src/javascript/tests/blocks.rs
expression: "\nfn add1(a) {\n  a + 1\n}\nfn go() {\n  let x = {\n    1\n    {\n      2\n      3 |> add1\n    } |> add1\n  }\n  x\n}\n"
---
----- SOURCE CODE

fn add1(a) {
  a + 1
}
fn go() {
  let x = {
    1
    {
      2
      3 |> add1
    } |> add1
  }
  x
}


----- COMPILED JAVASCRIPT
function add1(a) {
  return a + 1;
}

function go() {
  let _block;
  {
    1;
    let _block$1;
    {
      2;
      let _pipe = 3;
      _block$1 = add1(_pipe);
    }
    let _pipe = _block$1;
    _block = add1(_pipe);
  }
  let x = _block;
  return x;
}
