---
source: compiler-core/src/javascript/tests/lists.rs
expression: "\npub fn go() {\n  [] == [1]\n  [] != [1]\n}\n"
---
----- SOURCE CODE

pub fn go() {
  [] == [1]
  [] != [1]
}


----- COMPILED JAVASCRIPT
import { toList, isEqual } from "../gleam.mjs";

export function go() {
  isEqual(toList([]), toList([1]));
  return !isEqual(toList([]), toList([1]));
}
