---
source: compiler-core/src/javascript/tests/bit_strings.rs
assertion_line: 60
expression: "\nfn go(x) {\n  <<x:utf8_codepoint, \"Gleam\":utf8>>\n}\n"

---
import { toBitString, stringBits, codepointBits } from "../gleam.mjs";

function go(x) {
  return toBitString([codepointBits(x), stringBits("Gleam")]);
}

