---
source: compiler-core/src/javascript/tests/bit_arrays.rs
assertion_line: 357
expression: "\nfn go(x) {\n  let assert <<a:16-little-unsigned>> = x\n}\n"
---
import { makeError } from "../gleam.mjs";

function go(x) {
  if (!(x.length == 2)) {
    throw makeError(
      "assignment_no_match",
      "my/mod",
      3,
      "go",
      "Assignment pattern did not match",
      { value: x }
    )
  }
  let a = x.intFromSlice(0, 2, false, false);
  return x;
}
