---
source: compiler-core/src/javascript/tests/blocks.rs
expression: "\npub fn b() {\n  let x = 1\n  {\n    Nil\n    x + 1\n  }\n}\n"
---
----- SOURCE CODE

pub fn b() {
  let x = 1
  {
    Nil
    x + 1
  }
}


----- COMPILED JAVASCRIPT
export function b() {
  let x = 1;
  {
    undefined;
    return x + 1;
  }
}
