---
source: compiler-core/src/javascript/tests/externals.rs
expression: "\n@external(javascript, \"one\", \"one\")\npub fn one(x: Int) -> Int\n"
---
----- SOURCE CODE

@external(javascript, "one", "one")
pub fn one(x: Int) -> Int


----- COMPILED JAVASCRIPT
import { one } from "one";

export { one };
