---
source: compiler-core/src/javascript/tests/assert.rs
expression: "\npub fn main() {\n  assert True && !case 3 - 2 {\n    1 -> True\n    _ -> False\n  }\n}\n"
---
----- SOURCE CODE

pub fn main() {
  assert True && !case 3 - 2 {
    1 -> True
    _ -> False
  }
}


----- COMPILED JAVASCRIPT
import { makeError } from "../gleam.mjs";

const FILEPATH = "src/module.gleam";

export function main() {
  if (true) {
    if ((() => {
        let $ = 3 - 2;
        if ($ === 1) {
          return true;
        } else {
          return false;
        }
      })()) {
      throw makeError(
        "assert",
        FILEPATH,
        "my/mod",
        3,
        "main",
        "Assertion failed.",
        {
          kind: "binary_operator",
          operator: "&&",
          left: { kind: "literal", value: true, start: 26, end: 30 },
          right: { kind: "expression", value: false, start: 34, end: 80 },
          start: 19,
          end: 80,
          expression_start: 26
        }
      )
    }
  } else {
    throw makeError(
      "assert",
      FILEPATH,
      "my/mod",
      3,
      "main",
      "Assertion failed.",
      {
        kind: "binary_operator",
        operator: "&&",
        left: { kind: "literal", value: false, start: 26, end: 30 },
        right: { kind: "unevaluated", start: 34, end: 80 },
        start: 19,
        end: 80,
        expression_start: 26
      }
    )
  }
  return undefined;
}
