---
source: compiler-core/src/javascript/tests/bit_arrays.rs
expression: "\nfn go(i: Int) {\n  <<i:size(32)>>\n}\n"
---
----- SOURCE CODE

fn go(i: Int) {
  <<i:size(32)>>
}


----- COMPILED JAVASCRIPT
import { toBitArray, sizedInt } from "../gleam.mjs";

function go(i) {
  return toBitArray([sizedInt(i, 32, true)]);
}
