---
source: compiler-core/src/javascript/tests/echo.rs
expression: "\npub fn main() {\n  echo 1\n  echo 2\n}\n"
---
----- SOURCE CODE

pub fn main() {
  echo 1
  echo 2
}


----- COMPILED JAVASCRIPT
import * as $stdlib$dict from "../../gleam_stdlib/dict.mjs";
import {
  Empty as $Empty,
  NonEmpty as $NonEmpty,
  CustomType as $CustomType,
  bitArraySlice,
  bitArraySliceToInt,
  BitArray as $BitArray,
  List as $List,
  UtfCodepoint as $UtfCodepoint,
} from "../gleam.mjs";

export function main() {
  echo(1, undefined, "src/module.gleam", 3);
  return echo(2, undefined, "src/module.gleam", 4);
}

// ...omitted code from `templates/echo.mjs`...
