---
source: compiler-core/src/javascript/tests/custom_types.rs
expression: "import other\nconst x = other.Two\n"
---
----- SOURCE CODE
-- other.gleam
pub type One { Two }

-- main.gleam
import other
const x = other.Two


----- COMPILED JAVASCRIPT
import * as $other from "../other.mjs";

const x = /* @__PURE__ */ new $other.Two();
