---
source: compiler-core/src/javascript/tests/case_clause_guards.rs
expression: "\n          import hero/submodule\n          pub fn main() {\n            let name = \"Tony Stark\"\n            case name {\n              n if n == submodule.ironman.name -> True\n              _ -> False\n            }\n          }\n        "
---
----- SOURCE CODE

          import hero/submodule
          pub fn main() {
            let name = "Tony Stark"
            case name {
              n if n == submodule.ironman.name -> True
              _ -> False
            }
          }
        

----- COMPILED JAVASCRIPT
import * as $submodule from "../../package/hero/submodule.mjs";

export function main() {
  let name = "Tony Stark";
  let n = name;
  if (n === $submodule.ironman.name) {
    return true;
  } else {
    return false;
  }
}
