---
source: compiler-core/src/javascript/tests/lists.rs
assertion_line: 106
expression: "\npub fn go(func) {\n  let huuuuuuuuuuuuuuuuuuuuuuuuuuuuuuuuuuuuuuuuuuuuuuuuuuuuuuuuuuuuuuuuuuuuuge_variable = []\n}\n"
snapshot_kind: text
---
----- SOURCE CODE

pub fn go(func) {
  let huuuuuuuuuuuuuuuuuuuuuuuuuuuuuuuuuuuuuuuuuuuuuuuuuuuuuuuuuuuuuuuuuuuuuge_variable = []
}


----- COMPILED JAVASCRIPT
import { toList } from "../gleam.mjs";

export function go(func) {
  let huuuuuuuuuuuuuuuuuuuuuuuuuuuuuuuuuuuuuuuuuuuuuuuuuuuuuuuuuuuuuuuuuuuuuge_variable = toList([]);
  return huuuuuuuuuuuuuuuuuuuuuuuuuuuuuuuuuuuuuuuuuuuuuuuuuuuuuuuuuuuuuuuuuuuuuge_variable;
}
