---
source: compiler-core/src/javascript/tests/bit_arrays.rs
assertion_line: 1587
expression: "\npub fn go(x) {\n  let assert <<_, a:2-bytes>> = x\n  let assert <<_, b:bytes-size(2)>> = x\n}\n"
snapshot_kind: text
---
----- SOURCE CODE

pub fn go(x) {
  let assert <<_, a:2-bytes>> = x
  let assert <<_, b:bytes-size(2)>> = x
}


----- COMPILED JAVASCRIPT
import { makeError, bitArraySlice } from "../gleam.mjs";

const FILEPATH = "src/module.gleam";

export function go(x) {
  if (x.bitSize !== 24) {
    throw makeError(
      "let_assert",
      FILEPATH,
      "my/mod",
      3,
      "go",
      "Pattern match failed, no pattern matched the value.",
      { value: x, start: 18, end: 49, pattern_start: 29, pattern_end: 45 }
    )
  }
  let a = bitArraySlice(x, 8, 24);
  if (x.bitSize !== 24) {
    throw makeError(
      "let_assert",
      FILEPATH,
      "my/mod",
      4,
      "go",
      "Pattern match failed, no pattern matched the value.",
      { value: x, start: 52, end: 89, pattern_start: 63, pattern_end: 85 }
    )
  }
  let b = bitArraySlice(x, 8, 24);
  return x;
}
