---
source: compiler-core/src/javascript/tests/bit_arrays.rs
assertion_line: 1146
expression: "\npub fn go(x) {\n  case x {\n    <<i:16>> -> i\n    _ -> 1\n  }\n}\n"
snapshot_kind: text
---
----- SOURCE CODE

pub fn go(x) {
  case x {
    <<i:16>> -> i
    _ -> 1
  }
}


----- COMPILED JAVASCRIPT
import { bitArraySliceToInt } from "../gleam.mjs";

export function go(x) {
  if (x.bitSize === 16) {
    let i = bitArraySliceToInt(x, 0, 16, true, false);
    return i;
  } else {
    return 1;
  }
}
