---
source: compiler-core/src/javascript/tests/case.rs
expression: "\nfn go(x, f) {\n  case x |> f {\n    0 -> Nil\n  }\n}\n"

---
function go(x, f) {
  let $ = (() => {
    let _pipe = x;
    return f(_pipe);
  })();
  if ($ === 0) {
    return undefined;
  } else {
    throw new Error("Bad match");
  }
}

