---
source: compiler-core/src/javascript/tests/bit_arrays.rs
assertion_line: 1117
expression: "\npub fn go(x) {\n  case x {\n    <<_:16, _:8>> -> 1\n    _ -> 2\n  }\n  case x {\n    <<_:16-little-signed, _:8>> -> 1\n    _ -> 2\n  }\n}\n"
snapshot_kind: text
---
----- SOURCE CODE

pub fn go(x) {
  case x {
    <<_:16, _:8>> -> 1
    _ -> 2
  }
  case x {
    <<_:16-little-signed, _:8>> -> 1
    _ -> 2
  }
}


----- COMPILED JAVASCRIPT
export function go(x) {
  if (x.bitSize >= 16 && x.bitSize === 24) {
    1
  } else {
    2
  }
  if (x.bitSize >= 16 && x.bitSize === 24) {
    return 1;
  } else {
    return 2;
  }
}
