---
source: compiler-core/src/javascript/tests/case.rs
assertion_line: 123
expression: "\npub fn go(x, y) {\n  case x, y {\n    True, _ -> 1\n    _, True -> 2\n    False, False -> 0\n  }\n}\n"
snapshot_kind: text
---
----- SOURCE CODE

pub fn go(x, y) {
  case x, y {
    True, _ -> 1
    _, True -> 2
    False, False -> 0
  }
}


----- COMPILED JAVASCRIPT
export function go(x, y) {
  if (x) {
    return 1;
  } else if (y) {
    return 2;
  } else {
    return 0;
  }
}
