---
source: compiler-core/src/javascript/tests/assignments.rs
assertion_line: 16
expression: "fn go(x) { let assert 1 = x }"
snapshot_kind: text
---
----- SOURCE CODE
fn go(x) { let assert 1 = x }

----- COMPILED JAVASCRIPT
import { makeError } from "../gleam.mjs";

const FILEPATH = "src/module.gleam";

function go(x) {
  if (x !== 1) {
    throw makeError(
      "let_assert",
      FILEPATH,
      "my/mod",
      1,
      "go",
      "Pattern match failed, no pattern matched the value.",
      { value: x, start: 11, end: 27, pattern_start: 22, pattern_end: 23 }
    )
  }
  return x;
}
