---
source: compiler-core/src/javascript/tests/case.rs
expression: "\npub fn go() {\n  let x = 0\n  let x = x\n  let x = case #(1, 2) {\n    #(_, x) -> x\n  }\n\n  let x = x\n  x\n}"
---
----- SOURCE CODE

pub fn go() {
  let x = 0
  let x = x
  let x = case #(1, 2) {
    #(_, x) -> x
  }

  let x = x
  x
}

----- COMPILED JAVASCRIPT
export function go() {
  let x = 0;
  let x$1 = x;
  let _block;
  let $ = [1, 2];
  let x$2 = $[1];
  _block = x$2;
  let x$3 = _block;
  let x$4 = x$3;
  return x$4;
}
