---
source: compiler-core/src/javascript/tests/bit_arrays.rs
expression: "\nfn main() {\n  <<1:size(2)-unit(2), 2:size(3)-unit(4)>>\n}\n"
---
----- SOURCE CODE

fn main() {
  <<1:size(2)-unit(2), 2:size(3)-unit(4)>>
}


----- COMPILED JAVASCRIPT
import { toBitArray, sizedInt } from "../gleam.mjs";

function main() {
  return toBitArray([sizedInt(1, 4, true), sizedInt(2, 12, true)]);
}
