---
source: compiler-core/src/javascript/tests/bit_arrays.rs
assertion_line: 1078
expression: "\npub fn go(x) {\n  let n = 3\n  let assert <<a:bytes-size(n)>> = x\n}\n"
snapshot_kind: text
---
----- SOURCE CODE

pub fn go(x) {
  let n = 3
  let assert <<a:bytes-size(n)>> = x
}


----- COMPILED JAVASCRIPT
import { makeError, bitArraySlice } from "../gleam.mjs";

const FILEPATH = "src/module.gleam";

export function go(x) {
  let n = 3;
  if (n < 0 || x.bitSize !== n * 8) {
    throw makeError(
      "let_assert",
      FILEPATH,
      "my/mod",
      4,
      "go",
      "Pattern match failed, no pattern matched the value.",
      { value: x, start: 30, end: 64, pattern_start: 41, pattern_end: 60 }
    )
  }
  let a = bitArraySlice(x, 0, n * 8);
  return x;
}
