---
source: compiler-core/src/javascript/tests/custom_types.rs
expression: "\npub fn one() { One }\npub type One { One }\n"
---
----- SOURCE CODE

pub fn one() { One }
pub type One { One }


----- COMPILED JAVASCRIPT
import { CustomType as $CustomType } from "../gleam.mjs";

export class One extends $CustomType {}
export const One$One = () => new One();
export const One$isOne = (value) => value instanceof One;

export function one() {
  return new One();
}
