---
source: compiler-core/src/javascript/tests/numbers.rs
assertion_line: 205
expression: "\npub fn go() {\n  2.4 *. { 3.5 +. 6.0 }\n}\n"
snapshot_kind: text
---
----- SOURCE CODE

pub fn go() {
  2.4 *. { 3.5 +. 6.0 }
}


----- COMPILED JAVASCRIPT
export function go() {
  return 2.4 * (3.5 + 6.0);
}
