---
source: compiler-core/src/javascript/tests/lists.rs
assertion_line: 52
expression: "\nfn go(x, y) {\n  let [] = x\n  let [a] = x\n  let [1, 2] = x\n  let [_, #(3, b)] = y\n  let [head, ..tail] = y\n}\n"

---
import { throwError } from "../gleam.mjs";

function go(x, y) {
  if (!x.hasLength(0)) {
    throwError(
      "assignment_no_match",
      "my/mod",
      3,
      "go",
      "Assignment pattern did not match",
      { value: x }
    );
  }
  if (!x.hasLength(1)) {
    throwError(
      "assignment_no_match",
      "my/mod",
      4,
      "go",
      "Assignment pattern did not match",
      { value: x }
    );
  }
  let a = x.head;
  if (!x.hasLength(2) || x.head !== 1 || x.tail.head !== 2) {
    throwError(
      "assignment_no_match",
      "my/mod",
      5,
      "go",
      "Assignment pattern did not match",
      { value: x }
    );
  }
  if (!y.hasLength(2) || y.tail.head[0] !== 3) {
    throwError(
      "assignment_no_match",
      "my/mod",
      6,
      "go",
      "Assignment pattern did not match",
      { value: y }
    );
  }
  let b = y.tail.head[1];
  if (!y.atLeastLength(1)) {
    throwError(
      "assignment_no_match",
      "my/mod",
      7,
      "go",
      "Assignment pattern did not match",
      { value: y }
    );
  }
  let head = y.head;
  let tail = y.tail;
  return y;
}

