---
source: compiler-core/src/javascript/tests/recursion.rs
expression: "\npub fn main(x) {\n  let z = {\n    let y = x\n    main(y - 1)\n  }\n  z\n}\n"
---
----- SOURCE CODE

pub fn main(x) {
  let z = {
    let y = x
    main(y - 1)
  }
  z
}


----- COMPILED JAVASCRIPT
export function main(x) {
  let _block;
  {
    let y = x;
    _block = main(y - 1);
  }
  let z = _block;
  return z;
}
