---
source: compiler-core/src/javascript/tests/try_.rs
expression: "pub fn main(x) {\n  try #(a, b) = x\n  try #(1, 2) = x\n  try #(a, 2) = Ok(#(1, 2))\n  Ok(x)\n}"

---
export function main(x) {
  if (x.type === "Error") return x;
  let a = x[0][0];
  let b = x[0][1];

  if (x.type === "Error") return x;
  if (x[0][0] !== 1 || x[0][1] !== 2) throw new Error("Bad match");

  let $ = { type: "Ok", 0: [1, 2] };
  if ($.type === "Error") return $;
  if ($[0][1] !== 2) throw new Error("Bad match");
  let a$1 = $[0][0];

  return { type: "Ok", 0: x };
}

