---
source: compiler-core/src/javascript/tests/modules.rs
assertion_line: 40
expression: "import rocket_ship.{a,b as bb}\npub fn go() { a() + bb() }\n"

---
import * as $rocket_ship from "../rocket_ship.mjs";
import { a, b as bb } from "../rocket_ship.mjs";

export function go() {
  return a() + bb();
}

