---
source: compiler-core/src/javascript/tests/bit_arrays.rs
expression: "\npub fn go(x) {\n  let assert <<a:unsigned>> = x\n}\n"
---
----- SOURCE CODE

pub fn go(x) {
  let assert <<a:unsigned>> = x
}


----- COMPILED JAVASCRIPT
import { makeError } from "../gleam.mjs";

const FILEPATH = "src/module.gleam";

export function go(x) {
  let a;
  if (x.bitSize === 8) {
    a = x.byteAt(0);
  } else {
    throw makeError(
      "let_assert",
      FILEPATH,
      "my/mod",
      3,
      "go",
      "Pattern match failed, no pattern matched the value.",
      { value: x, start: 18, end: 47, pattern_start: 29, pattern_end: 43 }
    )
  }
  return x;
}
