---
source: compiler-core/src/javascript/tests/prelude.rs
expression: "import gleam\npub fn go() { gleam.Error(1) }\n"
---
----- SOURCE CODE
import gleam
pub fn go() { gleam.Error(1) }


----- COMPILED JAVASCRIPT
import * as $gleam from "../gleam.mjs";

export function go() {
  return new $gleam.Error(1);
}
