---
source: compiler-core/src/javascript/tests/tuples.rs
expression: "\nfn go() {\n  #(\n    \"1\", \n    {\n      \"2\"\n      \"3\"\n    },\n  )\n}\n"
---
----- SOURCE CODE

fn go() {
  #(
    "1", 
    {
      "2"
      "3"
    },
  )
}


----- COMPILED JAVASCRIPT
function go() {
  let _block;
  {
    "2";
    _block = "3";
  }
  return ["1", _block];
}
