---
source: compiler-core/src/erlang/tests.rs
assertion_line: 644
expression: pub type Dynamic
snapshot_kind: text
---
----- SOURCE CODE
pub type Dynamic

----- COMPILED ERLANG
-module(my@mod).
-compile([no_auto_import, nowarn_unused_vars, nowarn_unused_function, nowarn_nomatch]).
-define(FILEPATH, "project/test/my/mod.gleam").
-export_type([dynamic_/0]).

-type dynamic_() :: any().
