---
source: compiler-core/src/erlang/tests.rs
assertion_line: 392
expression: "pub fn x(y) {\n  assert Ok(_) = y\n  1\n}"

---
-module(the_app).
-compile(no_auto_import).

-export([x/1]).

-spec x({ok, any()} | {error, any()}) -> integer().
x(Y) ->
    {ok, _@2} = case Y of
        {ok, _@1} -> {ok, _@1};
        _try ->
            erlang:error(#{gleam_error => assert,
                           message => <<"Assertion pattern match failed"/utf8>>,
                           value => _try,
                           module => <<"the_app"/utf8>>,
                           function => <<"x"/utf8>>,
                           line => 2})
    end,
    1.

