---
source: compiler-core/src/erlang/tests.rs
assertion_line: 207
expression: "pub fn x() { let x = 1 let x = x + 1 x }"
---
-module(my@mod).
-compile([no_auto_import, nowarn_unused_vars, nowarn_unused_function, nowarn_nomatch]).

-export([x/0]).

-spec x() -> integer().
x() ->
    X = 1,
    X@1 = X + 1,
    X@1.

