---
source: compiler-core/src/erlang/tests.rs
assertion_line: 286
expression: "type X { X(x: Int, y: Float) }\n                    fn x() { X(x: 1, y: 2.) X(y: 3., x: 4) }"
---
-module(my@mod).
-compile([no_auto_import, nowarn_unused_vars, nowarn_unused_function, nowarn_nomatch]).

-export_type([x/0]).

-type x() :: {x, integer(), float()}.

-spec x() -> x().
x() ->
    {x, 1, 2.0},
    {x, 4, 3.0}.

