---
source: compiler-core/src/erlang/tests.rs
assertion_line: 886
expression: "\nimport some_module\n\npub fn main() {\n    some_module.constant()\n}\n"
---
-module(my@mod).
-compile([no_auto_import, nowarn_unused_vars, nowarn_unused_function, nowarn_nomatch]).

-export([main/0]).

-file("/root/project/test/my/mod.gleam", 4).
-spec main() -> integer().
main() ->
    fun some_module:'moduleInfo'/0().
